[backblue.gif]
[fade.gif]
[index.html]
[ajax.cloudflare.com/cdn-cgi/nexp/dok2v=919620257c/cloudflare.min.js]
[i43.tinypic.com/nlr1fk.png]
[i41.tinypic.com/ipvcpf.gif]
[creative.ad120m.com/ad120m/scripts/smart/smart.js]
[castalba.tv/embedd9f4.html]
[castalba.tv/images/logo.gif]
[castalba.tv/images/socialicon2.png]
[creative.ad120m.com/ad120m/scripts/popup/popup.js]
[castalba.tv/channel/25660.html]
[castalba.tv/js/jwplayer.js]
[s.castalba.tv/s.js]
[castalba.tv/wabba.html]
[castalba.tv/images/bg.gif]
[castalba.tv/images/bloglist.gif]
[castalba.tv/images/searchbg.gif]
[castalba.tv/images/follow_us.gif]
[castalba.tv/images/follow_usright.gif]
[castalba.tv/images/button.gif]
[castalba.tv/images/buttonright.gif]
[castalba.tv/css/style.css]
[castalba.tv/images/sep.gif]
[castalba.tv/images/home2.png]
[castalba.tv/images/down.png]
[castalba.tv/images/list.png]
[castalba.tv/css/ddsmoothmenu.css]
[castalba.tv/js/jquery.min.js]
[castalba.tv/js/ddsmoothmenu.js]
[castalba.tv/js/menu.js]
[castalba.tv/js/contentslider.js]
[castalba.tv/js/cufon-yui.js]
[castalba.tv/js/Tahoma_400-Tahoma_700.font.js]
[castalba.tv/channel/h1,h2,h3,h4,h5, h6, .html]
[connect.facebook.net/en_GB/all.js]
[castalba.tv/home.html]
[castalba.tv/images/zaps/171616.jpg]
[castalba.tv/images/icon_play.png]
[castalba.tv/images/zaps/179406.jpg]
[castalba.tv/images/channel.gif]
[castalba.tv/images/zaps/198698.jpg]
[castalba.tv/images/zaps/200929.jpg]
[castalba.tv/images/zaps/199507.jpg]
[castalba.tv/images/zaps/200282.jpg]
[castalba.tv/images/zaps/200278.jpg]
[castalba.tv/images/zaps/198820.jpg]
[castalba.tv/images/zaps/200279.jpg]
[castalba.tv/images/zaps/199883.jpg]
[castalba.tv/images/zaps/199884.jpg]
[castalba.tv/channels.html]
[castalba.tv/channels/c=animals.html]
[castalba.tv/images/zaps/198628.jpg]
[castalba.tv/images/zaps/198623.jpg]
[castalba.tv/images/zaps/198609.jpg]
[castalba.tv/images/zaps/198631.jpg]
[castalba.tv/channels/c=entertainment.html]
[castalba.tv/channels/c=gaming.html]
[castalba.tv/channels/c=lifecasting.html]
[castalba.tv/images/zaps/198627.jpg]
[castalba.tv/images/zaps/198615.jpg]
[castalba.tv/channels/c=music.html]
[castalba.tv/images/zaps/199807.jpg]
[castalba.tv/images/zaps/178734.jpg]
[castalba.tv/images/zaps/198621.jpg]
[castalba.tv/images/zaps/198622.jpg]
[castalba.tv/images/zaps/198620.jpg]
[castalba.tv/channels/c=news.html]
[castalba.tv/images/zaps/199174.jpg]
[castalba.tv/images/zaps/198616.jpg]
[castalba.tv/images/zaps/184569.jpg]
[castalba.tv/images/zaps/189312.jpg]
[castalba.tv/images/zaps/200890.jpg]
[castalba.tv/images/zaps/199173.jpg]
[castalba.tv/channels/c=sports.html]
[castalba.tv/images/zaps/194548.jpg]
[castalba.tv/channels/c=webcams.html]
[castalba.tv/channels/c=other.html]
[castalba.tv/broadcast.html]
[castalba.tv/register.html]
[castalba.tv/login.html]
[castalba.tv/images/zaps/198633.jpg]
[castalba.tv/images/zaps/198619.jpg]
[castalba.tv/channels/c=others.html]
[castalba.tv/terms.html]
[castalba.tv/privacy.html]
[castalba.tv/dmca.html]
[castalba.tv/index.html]
[castalba.tv/GET.html]
[castalba.tv/youtu.be/index.html]
[castalba.tv/%.html]
[castalba.tv/v/index.html]
[s.castalba.tv/r5766.html]
[castalba.tv/channel/GET.html]
[castalba.tv/channel/ABCDEFGHIJKLMNOPQRSTUVWXYZabcdefghijklmnopqrstuvwxyz0123456789+/index.html]
[castalba.tv/restserver.html]
[castalba.tv/channel/dialog/index.html]
[castalba.tv/h1,h2,h3,h4,h5, h6, .html]
[castalba.tv/channel/4182.html]
[castalba.tv/channel/9865.html]
[castalba.tv/channel/25257.html]
[castalba.tv/channel/23712.html]
[castalba.tv/channel/25541.html]
[castalba.tv/channel/24381.html]
[castalba.tv/channel/25060.html]
[castalba.tv/channel/25056.html]
[castalba.tv/channel/23813.html]
[castalba.tv/channel/25057.html]
[castalba.tv/channel/24724.html]
[castalba.tv/channel/24725.html]
[castalba.tv/channels/p=2.html]
[castalba.tv/channels/p=7.html]
[castalba.tv/channels/h1,h2,h3,h4,h5, h6, .html]
[castalba.tv/channels/p=1.html]
[castalba.tv/channels/p=-1.html]
[castalba.tv/channel/24455.html]
[castalba.tv/channel/23651.html]
[castalba.tv/channel/23646.html]
[castalba.tv/channel/23632.html]
[castalba.tv/channel/25263.html]
[castalba.tv/channel/23653.html]
[castalba.tv/images/zaps/198614.jpg]
[castalba.tv/channels/p=3.html]
[castalba.tv/channel/24376.html]
[castalba.tv/channel/24982.html]
[castalba.tv/channel/24430.html]
[castalba.tv/channel/23710.html]
[castalba.tv/channel/24377.html]
[castalba.tv/channel/23650.html]
[castalba.tv/channel/23638.html]
[castalba.tv/channel/24379.html]
[castalba.tv/channel/24383.html]
[castalba.tv/channel/24841.html]
[castalba.tv/channel/24659.html]
[castalba.tv/channel/9417.html]
[castalba.tv/channel/23644.html]
[castalba.tv/channel/24308.html]
[castalba.tv/channel/24045.html]
[castalba.tv/channel/23975.html]
[castalba.tv/channel/23645.html]
[castalba.tv/channel/23643.html]
[castalba.tv/channel/24090.html]
[castalba.tv/channel/23639.html]
[castalba.tv/channel/25222.html]
[castalba.tv/channel/13110.html]
[castalba.tv/channel/16337.html]
[castalba.tv/channel/23957.html]
[castalba.tv/channel/25509.html]
[castalba.tv/channel/24089.html]
[castalba.tv/channel/20433.html]
[castalba.tv/login/goto=broadcast.html]
[castalba.tv/forgot.html]
[castalba.tv/channel/23655.html]
[castalba.tv/channel/23642.html]
[castalba.tv/channel/23711.html]
[castalba.tv/cdn-cgi/l/email-protection.html]
[castalba.tv/v/h1,h2,h3,h4,h5, h6, .html]
[www.castalba.tv/js/embed.js]
[castalba.tv/js/s.js]
[castalba.tv/channels/p=6.html]
[castalba.tv/channel/25256.html]
[castalba.tv/channel/23709.html]
[castalba.tv/channel/23637.html]
[castalba.tv/images/zaps/198651.jpg]
[castalba.tv/images/zaps/198640.jpg]
[castalba.tv/images/zaps/199882.jpg]
[castalba.tv/images/zaps/198635.jpg]
[castalba.tv/images/zaps/198617.jpg]
[castalba.tv/images/zaps/198632.jpg]
[castalba.tv/images/zaps/198612.jpg]
[castalba.tv/images/zaps/198613.jpg]
[castalba.tv/channels/p=4.html]
[castalba.tv/login/h1,h2,h3,h4,h5, h6, .html]
[castalba.tv/channel/25049.html]
[castalba.tv/channel/23755.html]
[castalba.tv/channel/25058.html]
[castalba.tv/channel/24096.html]
[castalba.tv/channel/23974.html]
[castalba.tv/images/zaps/188074.jpg]
[castalba.tv/images/zaps/187450.jpg]
[castalba.tv/images/zaps/191673.jpg]
[castalba.tv/channels/p=5.html]
[castalba.tv/channel/23670.html]
[castalba.tv/channel/23662.html]
[castalba.tv/channel/24723.html]
[castalba.tv/channel/23657.html]
[castalba.tv/channel/23640.html]
[castalba.tv/channel/23654.html]
[castalba.tv/channel/23635.html]
[castalba.tv/channel/23636.html]
[castalba.tv/channel/24852.html]
[castalba.tv/channel/25059.html]
[castalba.tv/channel/15584.html]
[castalba.tv/channel/15120.html]
[castalba.tv/channel/18099.html]
[castalba.tv/channel/25050.html]
[castalba.tv/channel/23633.html]
[castalba.tv/channel/24385.html]
[castalba.tv/channel/24842.html]
